id,shop_domain,application_id,autocomplete_enabled,user_created_at_least_one_qr,nbr_merchandised_queries,nbrs_pinned_items,showing_logo,has_changed_sort_orders,analytics_enabled,use_metafields,nbr_metafields,use_default_colors,show_products,instant_search_enabled,instant_search_enabled_on_collection,only_using_faceting_on_collection,use_merchandising_for_collection,index_prefix,indexing_paused,install_channel,export_date,has_specific_prefix
88888888-c111-333c-b000-00000000002,example2.myshopify.com,44444GGGG2,True,False,0,[0],True,False,False,False,20,True,False,False,False,False,False,shopify_offsite_,False,marketplace,2019-04-01,True
88888888-c111-333c-b000-00000000003,example1.myshopify.com,44444GGGG3,True,False,0,[0],True,False,False,False,5,True,False,False,False,False,False,shopify_,False,marketplace,2019-04-01,False
